**********************
Windows PowerShell transcript start
Start time: 20231017120841
Username: PRAJANKUMAR\kpraj
RunAs User: PRAJANKUMAR\kpraj
Configuration Name: 
Machine: PRAJANKUMAR (Microsoft Windows NT 10.0.22621.0)
Host Application: C:\WINDOWS\System32\WindowsPowerShell\v1.0\powershell.exe -noexit -command try { . "c:\Users\kpraj\AppData\Local\Programs\Microsoft VS Code\resources\app\out\vs\workbench\contrib\terminal\browser\media\shellIntegration.ps1" } catch {}
Process ID: 10696
PSVersion: 5.1.22621.2428
PSEdition: Desktop
PSCompatibleVersions: 1.0, 2.0, 3.0, 4.0, 5.0, 5.1.22621.2428
BuildVersion: 10.0.22621.2428
CLRVersion: 4.0.30319.42000
WSManStackVersion: 3.0
PSRemotingProtocolVersion: 2.3
SerializationVersion: 1.1.0.1
**********************
Transcript started, output file is c:\Users\kpraj\github-classroom\FPC-advanced\fpc-advanced-classroom-1st-year-assignment-prajan1110\set01\problem06_session.txt
PS C:\Users\kpraj\github-classroom\FPC-advanced\fpc-advanced-classroom-1st-year-assignment-prajan1110> gcc -g "c:\Users\kpraj\github-classroom\FPC-advanced\fpc-advanced-classroom-1st-year-assignment-prajan1110\set01\problem07.c" -o "c:\Users\kpraj\github-classroom\FPC-advanced\fpc-advanced-classroom-1st-year-assignment-prajan1110\set01\problem07.exe" 2>&1

PS C:\Users\kpraj\github-classroom\FPC-advanced\fpc-advanced-classroom-1st-year-assignment-prajan1110> c:\Users\kpraj\github-classroom\FPC-advanced\fpc-advanced-classroom-1st-year-assignment-prajan1110\set01\problem07.exe
The sum is 3081
PS C:\Users\kpraj\github-classroom\FPC-advanced\fpc-advanced-classroom-1st-year-assignment-prajan1110> gcc -g "c:\Users\kpraj\github-classroom\FPC-advanced\fpc-advanced-classroom-1st-year-assignment-prajan1110\set01\problem08.c" -o "c:\Users\kpraj\github-classroom\FPC-advanced\fpc-advanced-classroom-1st-year-assignment-prajan1110\set01\problem08.exe" 2>&1

PS C:\Users\kpraj\github-classroom\FPC-advanced\fpc-advanced-classroom-1st-year-assignment-prajan1110> c:\Users\kpraj\github-classroom\FPC-advanced\fpc-advanced-classroom-1st-year-assignment-prajan1110\set01\problem08.exe
Sum of the elements in the array is 34
PS C:\Users\kpraj\github-classroom\FPC-advanced\fpc-advanced-classroom-1st-year-assignment-prajan1110> gcc -g "c:\Users\kpraj\github-classroom\FPC-advanced\fpc-advanced-classroom-1st-year-assignment-prajan1110\set01\problem08.c" -o "c:\Users\kpraj\github-classroom\FPC-advanced\fpc-advanced-classroom-1st-year-assignment-prajan1110\set01\problem08.exe" 2>&1

PS C:\Users\kpraj\github-classroom\FPC-advanced\fpc-advanced-classroom-1st-year-assignment-prajan1110> c:\Users\kpraj\github-classroom\FPC-advanced\fpc-advanced-classroom-1st-year-assignment-prajan1110\set01\problem08.exe
Sum of the elements in the array is 72
PS C:\Users\kpraj\github-classroom\FPC-advanced\fpc-advanced-classroom-1st-year-assignment-prajan1110> gcc -g "c:\Users\kpraj\github-classroom\FPC-advanced\fpc-advanced-classroom-1st-year-assignment-prajan1110\set01\problem01.c" -o "c:\Users\kpraj\github-classroom\FPC-advanced\fpc-advanced-classroom-1st-year-assignment-prajan1110\set01\problem01.exe" 2>&1

PS C:\Users\kpraj\github-classroom\FPC-advanced\fpc-advanced-classroom-1st-year-assignment-prajan1110> c:\Users\kpraj\github-classroom\FPC-advanced\fpc-advanced-classroom-1st-year-assignment-prajan1110\set01\problem01.exe
Prajan K
PS C:\Users\kpraj\github-classroom\FPC-advanced\fpc-advanced-classroom-1st-year-assignment-prajan1110> gcc -g "c:\Users\kpraj\github-classroom\FPC-advanced\fpc-advanced-classroom-1st-year-assignment-prajan1110\set01\problem02.c" -o "c:\Users\kpraj\github-classroom\FPC-advanced\fpc-advanced-classroom-1st-year-assignment-prajan1110\set01\problem02.exe" 2>&1

PS C:\Users\kpraj\github-classroom\FPC-advanced\fpc-advanced-classroom-1st-year-assignment-prajan1110> c:\Users\kpraj\github-classroom\FPC-advanced\fpc-advanced-classroom-1st-year-assignment-prajan1110\set01\problem02.exe
The sum is 3465216
PS C:\Users\kpraj\github-classroom\FPC-advanced\fpc-advanced-classroom-1st-year-assignment-prajan1110> c:\Users\kpraj\github-classroom\FPC-advanced\fpc-advanced-classroom-1st-year-assignment-prajan1110\set01\problem03.exe

PS C:\Users\kpraj\github-classroom\FPC-advanced\fpc-advanced-classroom-1st-year-assignment-prajan1110> gcc -g "c:\Users\kpraj\github-classroom\FPC-advanced\fpc-advanced-classroom-1st-year-assignment-prajan1110\set01\problem04.c" -o "c:\Users\kpraj\github-classroom\FPC-advanced\fpc-advanced-classroom-1st-year-assignment-prajan1110\set01\problem04.exe" 2>&1
gcc :
c:\Users\kpraj\github-classroom\FPC-advanced\fpc-advanced-classroom-1st-year-assignment-prajan1110\set01\problem04.c: In
function 'main':
At line:1 char:1
+ gcc -g "c:\Users\kpraj\github-classroom\FPC-advanced\fpc-advanced-cla ...
+ ~~~~~~~~~~~~~~~~~~~~~~~~~~~~~~~~~~~~~~~~~~~~~~~~~~~~~~~~~~~~~~~~~~~~~
    + CategoryInfo          : NotSpecified: (c:\Users\kpraj\...unction 'main'::String) [], RemoteException
    + FullyQualifiedErrorId : NativeCommandError

c:\Users\kpraj\github-classroom\FPC-advanced\fpc-advanced-classroom-1st-year-assignment-prajan1110\set01\problem04.c:9:11:
 warning: passing argument 1 of 'input' from incompatible pointer type [-Wincompatible-pointer-types]
     input(&a,&b);
           ^
c:\Users\kpraj\github-classroom\FPC-advanced\fpc-advanced-classroom-1st-year-assignment-prajan1110\set01\problem04.c:2:6:
note: expected 'int *' but argument is of type 'int **'
 void input(int *a, int *b);
      ^~~~~
c:\Users\kpraj\github-classroom\FPC-advanced\fpc-advanced-classroom-1st-year-assignment-prajan1110\set01\problem04.c:9:14:
 warning: passing argument 2 of 'input' from incompatible pointer type [-Wincompatible-pointer-types]
     input(&a,&b);
              ^
c:\Users\kpraj\github-classroom\FPC-advanced\fpc-advanced-classroom-1st-year-assignment-prajan1110\set01\problem04.c:2:6:
note: expected 'int *' but argument is of type 'int **'
 void input(int *a, int *b);
      ^~~~~
c:\Users\kpraj\github-classroom\FPC-advanced\fpc-advanced-classroom-1st-year-assignment-prajan1110\set01\problem04.c:10:9:
 warning: passing argument 1 of 'add' from incompatible pointer type [-Wincompatible-pointer-types]
     add(&a,&b,&sum);
         ^
c:\Users\kpraj\github-classroom\FPC-advanced\fpc-advanced-classroom-1st-year-assignment-prajan1110\set01\problem04.c:3:6:
note: expected 'int *' but argument is of type 'int **'
 void add(int *a, int *b, int *sum);
      ^~~
c:\Users\kpraj\github-classroom\FPC-advanced\fpc-advanced-classroom-1st-year-assignment-prajan1110\set01\problem04.c:10:12
: warning: passing argument 2 of 'add' from incompatible pointer type [-Wincompatible-pointer-types]
     add(&a,&b,&sum);
            ^
c:\Users\kpraj\github-classroom\FPC-advanced\fpc-advanced-classroom-1st-year-assignment-prajan1110\set01\problem04.c:3:6:
note: expected 'int *' but argument is of type 'int **'
 void add(int *a, int *b, int *sum);
      ^~~
c:\Users\kpraj\github-classroom\FPC-advanced\fpc-advanced-classroom-1st-year-assignment-prajan1110\set01\problem04.c:10:15
: warning: passing argument 3 of 'add' from incompatible pointer type [-Wincompatible-pointer-types]
     add(&a,&b,&sum);
               ^
c:\Users\kpraj\github-classroom\FPC-advanced\fpc-advanced-classroom-1st-year-assignment-prajan1110\set01\problem04.c:3:6:
note: expected 'int *' but argument is of type 'int **'
 void add(int *a, int *b, int *sum);
      ^~~
c:\Users\kpraj\github-classroom\FPC-advanced\fpc-advanced-classroom-1st-year-assignment-prajan1110\set01\problem04.c:11:12
: warning: passing argument 1 of 'output' from incompatible pointer type [-Wincompatible-pointer-types]
     output(&a,&b,&sum);
            ^
c:\Users\kpraj\github-classroom\FPC-advanced\fpc-advanced-classroom-1st-year-assignment-prajan1110\set01\problem04.c:4:6:
note: expected 'int *' but argument is of type 'int **'
 void output(int *a, int *b, int *sum);
      ^~~~~~
c:\Users\kpraj\github-classroom\FPC-advanced\fpc-advanced-classroom-1st-year-assignment-prajan1110\set01\problem04.c:11:15
: warning: passing argument 2 of 'output' from incompatible pointer type [-Wincompatible-pointer-types]
     output(&a,&b,&sum);
               ^
c:\Users\kpraj\github-classroom\FPC-advanced\fpc-advanced-classroom-1st-year-assignment-prajan1110\set01\problem04.c:4:6:
note: expected 'int *' but argument is of type 'int **'
 void output(int *a, int *b, int *sum);
      ^~~~~~
c:\Users\kpraj\github-classroom\FPC-advanced\fpc-advanced-classroom-1st-year-assignment-prajan1110\set01\problem04.c:11:18
: warning: passing argument 3 of 'output' from incompatible pointer type [-Wincompatible-pointer-types]
     output(&a,&b,&sum);
                  ^
c:\Users\kpraj\github-classroom\FPC-advanced\fpc-advanced-classroom-1st-year-assignment-prajan1110\set01\problem04.c:4:6:
note: expected 'int *' but argument is of type 'int **'
 void output(int *a, int *b, int *sum);
      ^~~~~~

PS C:\Users\kpraj\github-classroom\FPC-advanced\fpc-advanced-classroom-1st-year-assignment-prajan1110> c:\Users\kpraj\github-classroom\FPC-advanced\fpc-advanced-classroom-1st-year-assignment-prajan1110\set01\problem04.exe

